[init] pure: 11 ckpts | rules: 11 ckpts
[init] 16 matched openings, 6 elo openings, 2 plies each
[matched] skipping identical checkpoints at iters [0]
[matched] 10 matches on 10 workers over GPUs [0, 1, 2, 3, 4, 6, 7]
/usr/local/lib/python3.12/dist-packages/torch/__init__.py:1614: UserWarning: Please use the new API settings to control TF32 behavior, such as torch.backends.cudnn.conv.fp32_precision = 'tf32' or torch.backends.cuda.matmul.fp32_precision = 'ieee'. Old settings, e.g, torch.backends.cuda.matmul.allow_tf32 = True, torch.backends.cudnn.allow_tf32 = True, allowTF32CuDNN() and allowTF32CuBLAS() will be deprecated after Pytorch 2.9. Please see https://pytorch.org/docs/main/notes/cuda.html#tensorfloat-32-tf32-on-ampere-and-later-devices (Triggered internally at /opt/pytorch/pytorch/aten/src/ATen/Context.cpp:45.)
  _C._set_float32_matmul_precision(precision)
/usr/local/lib/python3.12/dist-packages/torch/__init__.py:1614: UserWarning: Please use the new API settings to control TF32 behavior, such as torch.backends.cudnn.conv.fp32_precision = 'tf32' or torch.backends.cuda.matmul.fp32_precision = 'ieee'. Old settings, e.g, torch.backends.cuda.matmul.allow_tf32 = True, torch.backends.cudnn.allow_tf32 = True, allowTF32CuDNN() and allowTF32CuBLAS() will be deprecated after Pytorch 2.9. Please see https://pytorch.org/docs/main/notes/cuda.html#tensorfloat-32-tf32-on-ampere-and-later-devices (Triggered internally at /opt/pytorch/pytorch/aten/src/ATen/Context.cpp:45.)
  _C._set_float32_matmul_precision(precision)
/usr/local/lib/python3.12/dist-packages/torch/__init__.py:1614: UserWarning: Please use the new API settings to control TF32 behavior, such as torch.backends.cudnn.conv.fp32_precision = 'tf32' or torch.backends.cuda.matmul.fp32_precision = 'ieee'. Old settings, e.g, torch.backends.cuda.matmul.allow_tf32 = True, torch.backends.cudnn.allow_tf32 = True, allowTF32CuDNN() and allowTF32CuBLAS() will be deprecated after Pytorch 2.9. Please see https://pytorch.org/docs/main/notes/cuda.html#tensorfloat-32-tf32-on-ampere-and-later-devices (Triggered internally at /opt/pytorch/pytorch/aten/src/ATen/Context.cpp:45.)
  _C._set_float32_matmul_precision(precision)
/usr/local/lib/python3.12/dist-packages/torch/__init__.py:1614: UserWarning: Please use the new API settings to control TF32 behavior, such as torch.backends.cudnn.conv.fp32_precision = 'tf32' or torch.backends.cuda.matmul.fp32_precision = 'ieee'. Old settings, e.g, torch.backends.cuda.matmul.allow_tf32 = True, torch.backends.cudnn.allow_tf32 = True, allowTF32CuDNN() and allowTF32CuBLAS() will be deprecated after Pytorch 2.9. Please see https://pytorch.org/docs/main/notes/cuda.html#tensorfloat-32-tf32-on-ampere-and-later-devices (Triggered internally at /opt/pytorch/pytorch/aten/src/ATen/Context.cpp:45.)
  _C._set_float32_matmul_precision(precision)
/usr/local/lib/python3.12/dist-packages/torch/__init__.py:1614: UserWarning: Please use the new API settings to control TF32 behavior, such as torch.backends.cudnn.conv.fp32_precision = 'tf32' or torch.backends.cuda.matmul.fp32_precision = 'ieee'. Old settings, e.g, torch.backends.cuda.matmul.allow_tf32 = True, torch.backends.cudnn.allow_tf32 = True, allowTF32CuDNN() and allowTF32CuBLAS() will be deprecated after Pytorch 2.9. Please see https://pytorch.org/docs/main/notes/cuda.html#tensorfloat-32-tf32-on-ampere-and-later-devices (Triggered internally at /opt/pytorch/pytorch/aten/src/ATen/Context.cpp:45.)
  _C._set_float32_matmul_precision(precision)
/usr/local/lib/python3.12/dist-packages/torch/__init__.py:1614: UserWarning: Please use the new API settings to control TF32 behavior, such as torch.backends.cudnn.conv.fp32_precision = 'tf32' or torch.backends.cuda.matmul.fp32_precision = 'ieee'. Old settings, e.g, torch.backends.cuda.matmul.allow_tf32 = True, torch.backends.cudnn.allow_tf32 = True, allowTF32CuDNN() and allowTF32CuBLAS() will be deprecated after Pytorch 2.9. Please see https://pytorch.org/docs/main/notes/cuda.html#tensorfloat-32-tf32-on-ampere-and-later-devices (Triggered internally at /opt/pytorch/pytorch/aten/src/ATen/Context.cpp:45.)
  _C._set_float32_matmul_precision(precision)
/usr/local/lib/python3.12/dist-packages/torch/__init__.py:1614: UserWarning: Please use the new API settings to control TF32 behavior, such as torch.backends.cudnn.conv.fp32_precision = 'tf32' or torch.backends.cuda.matmul.fp32_precision = 'ieee'. Old settings, e.g, torch.backends.cuda.matmul.allow_tf32 = True, torch.backends.cudnn.allow_tf32 = True, allowTF32CuDNN() and allowTF32CuBLAS() will be deprecated after Pytorch 2.9. Please see https://pytorch.org/docs/main/notes/cuda.html#tensorfloat-32-tf32-on-ampere-and-later-devices (Triggered internally at /opt/pytorch/pytorch/aten/src/ATen/Context.cpp:45.)
  _C._set_float32_matmul_precision(precision)
/usr/local/lib/python3.12/dist-packages/torch/__init__.py:1614: UserWarning: Please use the new API settings to control TF32 behavior, such as torch.backends.cudnn.conv.fp32_precision = 'tf32' or torch.backends.cuda.matmul.fp32_precision = 'ieee'. Old settings, e.g, torch.backends.cuda.matmul.allow_tf32 = True, torch.backends.cudnn.allow_tf32 = True, allowTF32CuDNN() and allowTF32CuBLAS() will be deprecated after Pytorch 2.9. Please see https://pytorch.org/docs/main/notes/cuda.html#tensorfloat-32-tf32-on-ampere-and-later-devices (Triggered internally at /opt/pytorch/pytorch/aten/src/ATen/Context.cpp:45.)
  _C._set_float32_matmul_precision(precision)
/usr/local/lib/python3.12/dist-packages/torch/__init__.py:1614: UserWarning: Please use the new API settings to control TF32 behavior, such as torch.backends.cudnn.conv.fp32_precision = 'tf32' or torch.backends.cuda.matmul.fp32_precision = 'ieee'. Old settings, e.g, torch.backends.cuda.matmul.allow_tf32 = True, torch.backends.cudnn.allow_tf32 = True, allowTF32CuDNN() and allowTF32CuBLAS() will be deprecated after Pytorch 2.9. Please see https://pytorch.org/docs/main/notes/cuda.html#tensorfloat-32-tf32-on-ampere-and-later-devices (Triggered internally at /opt/pytorch/pytorch/aten/src/ATen/Context.cpp:45.)
  _C._set_float32_matmul_precision(precision)
/usr/local/lib/python3.12/dist-packages/torch/__init__.py:1614: UserWarning: Please use the new API settings to control TF32 behavior, such as torch.backends.cudnn.conv.fp32_precision = 'tf32' or torch.backends.cuda.matmul.fp32_precision = 'ieee'. Old settings, e.g, torch.backends.cuda.matmul.allow_tf32 = True, torch.backends.cudnn.allow_tf32 = True, allowTF32CuDNN() and allowTF32CuBLAS() will be deprecated after Pytorch 2.9. Please see https://pytorch.org/docs/main/notes/cuda.html#tensorfloat-32-tf32-on-ampere-and-later-devices (Triggered internally at /opt/pytorch/pytorch/aten/src/ATen/Context.cpp:45.)
  _C._set_float32_matmul_precision(precision)
  [matched 1/10] m35: 10-5-17 (120s elapsed)
  [matched 2/10] m25: 11-5-16 (120s elapsed)
  [matched 3/10] m20: 11-9-12 (124s elapsed)
  [matched 4/10] m30: 5-5-22 (134s elapsed)
  [matched 5/10] m5: 9-15-8 (143s elapsed)
  [matched 6/10] m10: 8-17-7 (144s elapsed)
  [matched 7/10] m15: 12-9-11 (144s elapsed)
  [matched 8/10] m50: 7-7-18 (144s elapsed)
  [matched 9/10] m40: 3-7-22 (146s elapsed)
  [matched 10/10] m45: 3-6-23 (146s elapsed)
[matched] done in 147s
  iter   5: pure 9 - rules 15 - draw 8
  iter  10: pure 8 - rules 17 - draw 7
  iter  15: pure 12 - rules 9 - draw 11
  iter  20: pure 11 - rules 9 - draw 12
  iter  25: pure 11 - rules 5 - draw 16
  iter  30: pure 5 - rules 5 - draw 22
  iter  35: pure 10 - rules 5 - draw 17
  iter  40: pure 3 - rules 7 - draw 22
  iter  45: pure 3 - rules 6 - draw 23
  iter  50: pure 7 - rules 7 - draw 18
[elo] 21 players, 210 pairs
[elo] 210 matches on 14 workers over GPUs [0, 1, 2, 3, 4, 6, 7]
/usr/local/lib/python3.12/dist-packages/torch/__init__.py:1614: UserWarning: Please use the new API settings to control TF32 behavior, such as torch.backends.cudnn.conv.fp32_precision = 'tf32' or torch.backends.cuda.matmul.fp32_precision = 'ieee'. Old settings, e.g, torch.backends.cuda.matmul.allow_tf32 = True, torch.backends.cudnn.allow_tf32 = True, allowTF32CuDNN() and allowTF32CuBLAS() will be deprecated after Pytorch 2.9. Please see https://pytorch.org/docs/main/notes/cuda.html#tensorfloat-32-tf32-on-ampere-and-later-devices (Triggered internally at /opt/pytorch/pytorch/aten/src/ATen/Context.cpp:45.)
  _C._set_float32_matmul_precision(precision)
/usr/local/lib/python3.12/dist-packages/torch/__init__.py:1614: UserWarning: Please use the new API settings to control TF32 behavior, such as torch.backends.cudnn.conv.fp32_precision = 'tf32' or torch.backends.cuda.matmul.fp32_precision = 'ieee'. Old settings, e.g, torch.backends.cuda.matmul.allow_tf32 = True, torch.backends.cudnn.allow_tf32 = True, allowTF32CuDNN() and allowTF32CuBLAS() will be deprecated after Pytorch 2.9. Please see https://pytorch.org/docs/main/notes/cuda.html#tensorfloat-32-tf32-on-ampere-and-later-devices (Triggered internally at /opt/pytorch/pytorch/aten/src/ATen/Context.cpp:45.)
  _C._set_float32_matmul_precision(precision)
/usr/local/lib/python3.12/dist-packages/torch/__init__.py:1614: UserWarning: Please use the new API settings to control TF32 behavior, such as torch.backends.cudnn.conv.fp32_precision = 'tf32' or torch.backends.cuda.matmul.fp32_precision = 'ieee'. Old settings, e.g, torch.backends.cuda.matmul.allow_tf32 = True, torch.backends.cudnn.allow_tf32 = True, allowTF32CuDNN() and allowTF32CuBLAS() will be deprecated after Pytorch 2.9. Please see https://pytorch.org/docs/main/notes/cuda.html#tensorfloat-32-tf32-on-ampere-and-later-devices (Triggered internally at /opt/pytorch/pytorch/aten/src/ATen/Context.cpp:45.)
  _C._set_float32_matmul_precision(precision)
/usr/local/lib/python3.12/dist-packages/torch/__init__.py:1614: UserWarning: Please use the new API settings to control TF32 behavior, such as torch.backends.cudnn.conv.fp32_precision = 'tf32' or torch.backends.cuda.matmul.fp32_precision = 'ieee'. Old settings, e.g, torch.backends.cuda.matmul.allow_tf32 = True, torch.backends.cudnn.allow_tf32 = True, allowTF32CuDNN() and allowTF32CuBLAS() will be deprecated after Pytorch 2.9. Please see https://pytorch.org/docs/main/notes/cuda.html#tensorfloat-32-tf32-on-ampere-and-later-devices (Triggered internally at /opt/pytorch/pytorch/aten/src/ATen/Context.cpp:45.)
  _C._set_float32_matmul_precision(precision)
/usr/local/lib/python3.12/dist-packages/torch/__init__.py:1614: UserWarning: Please use the new API settings to control TF32 behavior, such as torch.backends.cudnn.conv.fp32_precision = 'tf32' or torch.backends.cuda.matmul.fp32_precision = 'ieee'. Old settings, e.g, torch.backends.cuda.matmul.allow_tf32 = True, torch.backends.cudnn.allow_tf32 = True, allowTF32CuDNN() and allowTF32CuBLAS() will be deprecated after Pytorch 2.9. Please see https://pytorch.org/docs/main/notes/cuda.html#tensorfloat-32-tf32-on-ampere-and-later-devices (Triggered internally at /opt/pytorch/pytorch/aten/src/ATen/Context.cpp:45.)
  _C._set_float32_matmul_precision(precision)
/usr/local/lib/python3.12/dist-packages/torch/__init__.py:1614: UserWarning: Please use the new API settings to control TF32 behavior, such as torch.backends.cudnn.conv.fp32_precision = 'tf32' or torch.backends.cuda.matmul.fp32_precision = 'ieee'. Old settings, e.g, torch.backends.cuda.matmul.allow_tf32 = True, torch.backends.cudnn.allow_tf32 = True, allowTF32CuDNN() and allowTF32CuBLAS() will be deprecated after Pytorch 2.9. Please see https://pytorch.org/docs/main/notes/cuda.html#tensorfloat-32-tf32-on-ampere-and-later-devices (Triggered internally at /opt/pytorch/pytorch/aten/src/ATen/Context.cpp:45.)
  _C._set_float32_matmul_precision(precision)
/usr/local/lib/python3.12/dist-packages/torch/__init__.py:1614: UserWarning: Please use the new API settings to control TF32 behavior, such as torch.backends.cudnn.conv.fp32_precision = 'tf32' or torch.backends.cuda.matmul.fp32_precision = 'ieee'. Old settings, e.g, torch.backends.cuda.matmul.allow_tf32 = True, torch.backends.cudnn.allow_tf32 = True, allowTF32CuDNN() and allowTF32CuBLAS() will be deprecated after Pytorch 2.9. Please see https://pytorch.org/docs/main/notes/cuda.html#tensorfloat-32-tf32-on-ampere-and-later-devices (Triggered internally at /opt/pytorch/pytorch/aten/src/ATen/Context.cpp:45.)
  _C._set_float32_matmul_precision(precision)
/usr/local/lib/python3.12/dist-packages/torch/__init__.py:1614: UserWarning: Please use the new API settings to control TF32 behavior, such as torch.backends.cudnn.conv.fp32_precision = 'tf32' or torch.backends.cuda.matmul.fp32_precision = 'ieee'. Old settings, e.g, torch.backends.cuda.matmul.allow_tf32 = True, torch.backends.cudnn.allow_tf32 = True, allowTF32CuDNN() and allowTF32CuBLAS() will be deprecated after Pytorch 2.9. Please see https://pytorch.org/docs/main/notes/cuda.html#tensorfloat-32-tf32-on-ampere-and-later-devices (Triggered internally at /opt/pytorch/pytorch/aten/src/ATen/Context.cpp:45.)
  _C._set_float32_matmul_precision(precision)
/usr/local/lib/python3.12/dist-packages/torch/__init__.py:1614: UserWarning: Please use the new API settings to control TF32 behavior, such as torch.backends.cudnn.conv.fp32_precision = 'tf32' or torch.backends.cuda.matmul.fp32_precision = 'ieee'. Old settings, e.g, torch.backends.cuda.matmul.allow_tf32 = True, torch.backends.cudnn.allow_tf32 = True, allowTF32CuDNN() and allowTF32CuBLAS() will be deprecated after Pytorch 2.9. Please see https://pytorch.org/docs/main/notes/cuda.html#tensorfloat-32-tf32-on-ampere-and-later-devices (Triggered internally at /opt/pytorch/pytorch/aten/src/ATen/Context.cpp:45.)
  _C._set_float32_matmul_precision(precision)
/usr/local/lib/python3.12/dist-packages/torch/__init__.py:1614: UserWarning: Please use the new API settings to control TF32 behavior, such as torch.backends.cudnn.conv.fp32_precision = 'tf32' or torch.backends.cuda.matmul.fp32_precision = 'ieee'. Old settings, e.g, torch.backends.cuda.matmul.allow_tf32 = True, torch.backends.cudnn.allow_tf32 = True, allowTF32CuDNN() and allowTF32CuBLAS() will be deprecated after Pytorch 2.9. Please see https://pytorch.org/docs/main/notes/cuda.html#tensorfloat-32-tf32-on-ampere-and-later-devices (Triggered internally at /opt/pytorch/pytorch/aten/src/ATen/Context.cpp:45.)
  _C._set_float32_matmul_precision(precision)
/usr/local/lib/python3.12/dist-packages/torch/__init__.py:1614: UserWarning: Please use the new API settings to control TF32 behavior, such as torch.backends.cudnn.conv.fp32_precision = 'tf32' or torch.backends.cuda.matmul.fp32_precision = 'ieee'. Old settings, e.g, torch.backends.cuda.matmul.allow_tf32 = True, torch.backends.cudnn.allow_tf32 = True, allowTF32CuDNN() and allowTF32CuBLAS() will be deprecated after Pytorch 2.9. Please see https://pytorch.org/docs/main/notes/cuda.html#tensorfloat-32-tf32-on-ampere-and-later-devices (Triggered internally at /opt/pytorch/pytorch/aten/src/ATen/Context.cpp:45.)
  _C._set_float32_matmul_precision(precision)
/usr/local/lib/python3.12/dist-packages/torch/__init__.py:1614: UserWarning: Please use the new API settings to control TF32 behavior, such as torch.backends.cudnn.conv.fp32_precision = 'tf32' or torch.backends.cuda.matmul.fp32_precision = 'ieee'. Old settings, e.g, torch.backends.cuda.matmul.allow_tf32 = True, torch.backends.cudnn.allow_tf32 = True, allowTF32CuDNN() and allowTF32CuBLAS() will be deprecated after Pytorch 2.9. Please see https://pytorch.org/docs/main/notes/cuda.html#tensorfloat-32-tf32-on-ampere-and-later-devices (Triggered internally at /opt/pytorch/pytorch/aten/src/ATen/Context.cpp:45.)
  _C._set_float32_matmul_precision(precision)
/usr/local/lib/python3.12/dist-packages/torch/__init__.py:1614: UserWarning: Please use the new API settings to control TF32 behavior, such as torch.backends.cudnn.conv.fp32_precision = 'tf32' or torch.backends.cuda.matmul.fp32_precision = 'ieee'. Old settings, e.g, torch.backends.cuda.matmul.allow_tf32 = True, torch.backends.cudnn.allow_tf32 = True, allowTF32CuDNN() and allowTF32CuBLAS() will be deprecated after Pytorch 2.9. Please see https://pytorch.org/docs/main/notes/cuda.html#tensorfloat-32-tf32-on-ampere-and-later-devices (Triggered internally at /opt/pytorch/pytorch/aten/src/ATen/Context.cpp:45.)
  _C._set_float32_matmul_precision(precision)
/usr/local/lib/python3.12/dist-packages/torch/__init__.py:1614: UserWarning: Please use the new API settings to control TF32 behavior, such as torch.backends.cudnn.conv.fp32_precision = 'tf32' or torch.backends.cuda.matmul.fp32_precision = 'ieee'. Old settings, e.g, torch.backends.cuda.matmul.allow_tf32 = True, torch.backends.cudnn.allow_tf32 = True, allowTF32CuDNN() and allowTF32CuBLAS() will be deprecated after Pytorch 2.9. Please see https://pytorch.org/docs/main/notes/cuda.html#tensorfloat-32-tf32-on-ampere-and-later-devices (Triggered internally at /opt/pytorch/pytorch/aten/src/ATen/Context.cpp:45.)
  _C._set_float32_matmul_precision(precision)
  [elo 1/210] e0_1: 0-12-0 (15s elapsed)
  [elo 2/210] e0_11: 0-12-0 (16s elapsed)
  [elo 3/210] e0_7: 0-12-0 (16s elapsed)
  [elo 4/210] e0_12: 0-12-0 (16s elapsed)
  [elo 5/210] e0_6: 0-12-0 (16s elapsed)
  [elo 6/210] e0_5: 0-12-0 (16s elapsed)
  [elo 7/210] e0_14: 0-12-0 (16s elapsed)
  [elo 8/210] e0_13: 0-12-0 (16s elapsed)
  [elo 9/210] e0_9: 0-12-0 (16s elapsed)
  [elo 10/210] e0_10: 0-12-0 (16s elapsed)
  [elo 11/210] e0_8: 0-12-0 (16s elapsed)
  [elo 12/210] e0_4: 0-12-0 (17s elapsed)
  [elo 13/210] e0_3: 0-12-0 (20s elapsed)
  [elo 14/210] e0_15: 0-12-0 (23s elapsed)
  [elo 15/210] e0_19: 0-12-0 (25s elapsed)
  [elo 16/210] e0_2: 0-12-0 (25s elapsed)
  [elo 17/210] e0_20: 0-12-0 (26s elapsed)
  [elo 18/210] e0_16: 0-12-0 (26s elapsed)
  [elo 19/210] e0_18: 0-12-0 (27s elapsed)
  [elo 20/210] e0_17: 0-12-0 (27s elapsed)
  [elo 21/210] e1_5: 1-11-0 (44s elapsed)
  [elo 22/210] e1_11: 5-7-0 (51s elapsed)
  [elo 23/210] e1_7: 0-11-1 (53s elapsed)
  [elo 24/210] e1_4: 1-10-1 (54s elapsed)
  [elo 25/210] e1_6: 0-11-1 (55s elapsed)
  [elo 26/210] e1_2: 2-8-2 (55s elapsed)
  [elo 27/210] e1_3: 1-9-2 (58s elapsed)
  [elo 28/210] e1_8: 0-10-2 (60s elapsed)
  [elo 29/210] e1_9: 1-10-1 (63s elapsed)
  [elo 30/210] e1_10: 1-9-2 (63s elapsed)
  [elo 31/210] e1_14: 0-11-1 (66s elapsed)
  [elo 32/210] e1_16: 1-11-0 (68s elapsed)
  [elo 33/210] e1_15: 0-11-1 (70s elapsed)
  [elo 34/210] e1_13: 0-10-2 (73s elapsed)
  [elo 35/210] e1_18: 0-12-0 (76s elapsed)
  [elo 36/210] e1_12: 2-7-3 (84s elapsed)
  [elo 37/210] e1_19: 0-11-1 (91s elapsed)
  [elo 38/210] e1_20: 0-10-2 (96s elapsed)
  [elo 39/210] e1_17: 0-10-2 (96s elapsed)
  [elo 40/210] e2_3: 1-7-4 (98s elapsed)
  [elo 41/210] e2_7: 0-10-2 (100s elapsed)
  [elo 42/210] e2_6: 1-8-3 (112s elapsed)
  [elo 43/210] e2_13: 6-6-0 (114s elapsed)
  [elo 44/210] e2_11: 8-3-1 (114s elapsed)
  [elo 45/210] e2_4: 0-9-3 (116s elapsed)
  [elo 46/210] e2_10: 1-9-2 (117s elapsed)
  [elo 47/210] e2_5: 0-8-4 (118s elapsed)
  [elo 48/210] e2_12: 5-6-1 (121s elapsed)
  [elo 49/210] e2_8: 0-8-4 (126s elapsed)
  [elo 50/210] e2_9: 0-10-2 (129s elapsed)
  [elo 51/210] e2_17: 2-9-1 (140s elapsed)
  [elo 52/210] e2_18: 1-9-2 (142s elapsed)
  [elo 53/210] e2_14: 0-8-4 (148s elapsed)
  [elo 54/210] e2_20: 0-11-1 (150s elapsed)
  [elo 55/210] e2_19: 0-8-4 (153s elapsed)
  [elo 56/210] e2_16: 0-8-4 (158s elapsed)
  [elo 57/210] e2_15: 2-7-3 (158s elapsed)
  [elo 58/210] e3_4: 2-3-7 (173s elapsed)
  [elo 59/210] e3_7: 2-4-6 (176s elapsed)
  [elo 60/210] e3_6: 3-4-5 (179s elapsed)
  [elo 61/210] e3_5: 0-4-8 (179s elapsed)
  [elo 62/210] e3_8: 1-3-8 (180s elapsed)
  [elo 63/210] e3_11: 10-1-1 (182s elapsed)
  [elo 64/210] e3_12: 6-3-3 (185s elapsed)
  [elo 65/210] e3_9: 0-6-6 (186s elapsed)
  [elo 66/210] e3_10: 0-5-7 (187s elapsed)
  [elo 67/210] e3_15: 3-6-3 (197s elapsed)
  [elo 68/210] e3_16: 0-8-4 (201s elapsed)
  [elo 69/210] e3_17: 0-6-6 (204s elapsed)
  [elo 70/210] e3_14: 3-4-5 (210s elapsed)
  [elo 71/210] e3_13: 4-4-4 (210s elapsed)
  [elo 72/210] e3_18: 0-6-6 (232s elapsed)
  [elo 73/210] e3_19: 0-4-8 (236s elapsed)
  [elo 74/210] e4_11: 10-1-1 (237s elapsed)
  [elo 75/210] e3_20: 1-6-5 (238s elapsed)
  [elo 76/210] e4_6: 2-5-5 (238s elapsed)
  [elo 77/210] e4_5: 2-4-6 (239s elapsed)
  [elo 78/210] e4_7: 2-4-6 (240s elapsed)
  [elo 79/210] e4_8: 1-3-8 (244s elapsed)
  [elo 80/210] e4_9: 0-5-7 (246s elapsed)
  [elo 81/210] e4_10: 2-5-5 (247s elapsed)
  [elo 82/210] e4_13: 9-1-2 (248s elapsed)
  [elo 83/210] e4_12: 9-1-2 (263s elapsed)
  [elo 84/210] e4_15: 2-7-3 (270s elapsed)
  [elo 85/210] e4_14: 8-1-3 (270s elapsed)
  [elo 86/210] e5_11: 10-1-1 (287s elapsed)
  [elo 87/210] e4_16: 2-5-5 (292s elapsed)
  [elo 88/210] e4_18: 0-6-6 (295s elapsed)
  [elo 89/210] e4_19: 0-7-5 (296s elapsed)
  [elo 90/210] e4_17: 0-4-8 (297s elapsed)
  [elo 91/210] e4_20: 0-2-10 (297s elapsed)
  [elo 92/210] e5_6: 3-1-8 (300s elapsed)
  [elo 93/210] e5_7: 3-1-8 (300s elapsed)
  [elo 94/210] e5_8: 2-1-9 (305s elapsed)
  [elo 95/210] e5_10: 3-3-6 (307s elapsed)
  [elo 96/210] e5_9: 1-4-7 (307s elapsed)
  [elo 97/210] e5_12: 11-0-1 (308s elapsed)
  [elo 98/210] e5_14: 9-1-2 (328s elapsed)
  [elo 99/210] e5_13: 10-0-2 (329s elapsed)
  [elo 100/210] e5_15: 4-4-4 (347s elapsed)
  [elo 101/210] e6_11: 10-0-2 (349s elapsed)
  [elo 102/210] e5_18: 4-3-5 (353s elapsed)
  [elo 103/210] e5_16: 1-5-6 (354s elapsed)
  [elo 104/210] e6_12: 7-0-5 (356s elapsed)
  [elo 105/210] e5_19: 3-2-7 (356s elapsed)
  [elo 106/210] e5_20: 2-3-7 (356s elapsed)
  [elo 107/210] e5_17: 1-1-10 (357s elapsed)
  [elo 108/210] e6_7: 0-4-8 (359s elapsed)
  [elo 109/210] e6_8: 1-2-9 (360s elapsed)
  [elo 110/210] e6_9: 0-4-8 (366s elapsed)
  [elo 111/210] e6_10: 0-3-9 (369s elapsed)
  [elo 112/210] e6_14: 9-1-2 (388s elapsed)
  [elo 113/210] e6_13: 7-0-5 (389s elapsed)
  [elo 114/210] e7_11: 10-0-2 (400s elapsed)
  [elo 115/210] e6_15: 0-2-10 (409s elapsed)
  [elo 116/210] e6_17: 4-3-5 (410s elapsed)
  [elo 117/210] e6_16: 0-5-7 (410s elapsed)
  [elo 118/210] e6_18: 1-2-9 (411s elapsed)
  [elo 119/210] e6_19: 1-3-8 (415s elapsed)
  [elo 120/210] e7_8: 1-0-11 (417s elapsed)
  [elo 121/210] e6_20: 1-4-7 (417s elapsed)
  [elo 122/210] e7_9: 2-2-8 (419s elapsed)
  [elo 123/210] e7_10: 1-2-9 (420s elapsed)
  [elo 124/210] e7_12: 7-0-5 (426s elapsed)
  [elo 125/210] e7_13: 5-0-7 (431s elapsed)
  [elo 126/210] e8_11: 12-0-0 (443s elapsed)
  [elo 127/210] e8_12: 11-1-0 (444s elapsed)
  [elo 128/210] e7_15: 3-2-7 (450s elapsed)
  [elo 129/210] e7_14: 4-1-7 (450s elapsed)
  [elo 130/210] e7_16: 2-4-6 (459s elapsed)
  [elo 131/210] e7_18: 0-2-10 (469s elapsed)
  [elo 132/210] e7_17: 0-2-10 (470s elapsed)
  [elo 133/210] e7_19: 3-2-7 (470s elapsed)
  [elo 134/210] e7_20: 2-3-7 (471s elapsed)
  [elo 135/210] e8_9: 0-1-11 (478s elapsed)
  [elo 136/210] e8_10: 0-2-10 (479s elapsed)
  [elo 137/210] e8_13: 10-0-2 (480s elapsed)
  [elo 138/210] e8_14: 9-0-3 (484s elapsed)
  [elo 139/210] e8_15: 2-3-7 (491s elapsed)
  [elo 140/210] e8_16: 0-4-8 (505s elapsed)
  [elo 141/210] e8_17: 2-1-9 (506s elapsed)
  [elo 142/210] e8_18: 0-3-9 (507s elapsed)
  [elo 143/210] e8_19: 2-2-8 (509s elapsed)
  [elo 144/210] e9_11: 10-0-2 (514s elapsed)
  [elo 145/210] e8_20: 2-3-7 (520s elapsed)
  [elo 146/210] e9_10: 2-2-8 (530s elapsed)
  [elo 147/210] e9_12: 7-0-5 (531s elapsed)
  [elo 148/210] e9_13: 8-1-3 (532s elapsed)
  [elo 149/210] e9_14: 7-1-4 (538s elapsed)
  [elo 150/210] e9_15: 5-1-6 (539s elapsed)
  [elo 151/210] e9_16: 3-2-7 (540s elapsed)
  [elo 152/210] e9_17: 4-1-7 (545s elapsed)
  [elo 153/210] e10_11: 10-0-2 (546s elapsed)
  [elo 154/210] e9_18: 2-3-7 (547s elapsed)
  [elo 155/210] e9_20: 0-1-11 (567s elapsed)
  [elo 156/210] e10_12: 7-0-5 (568s elapsed)
  [elo 157/210] e9_19: 2-1-9 (569s elapsed)
  [elo 158/210] e11_14: 2-10-0 (571s elapsed)
  [elo 159/210] e10_13: 8-0-4 (575s elapsed)
  [elo 160/210] e10_14: 4-2-6 (581s elapsed)
  [elo 161/210] e11_13: 2-9-1 (586s elapsed)
  [elo 162/210] e10_16: 2-1-9 (590s elapsed)
  [elo 163/210] e10_15: 4-1-7 (591s elapsed)
  [elo 164/210] e10_17: 0-1-11 (593s elapsed)
  [elo 165/210] e10_18: 2-3-7 (594s elapsed)
  [elo 166/210] e10_19: 3-0-9 (599s elapsed)
  [elo 167/210] e10_20: 1-2-9 (602s elapsed)
  [elo 168/210] e11_12: 2-6-4 (604s elapsed)
  [elo 169/210] e11_17: 0-11-1 (608s elapsed)
  [elo 170/210] e11_15: 0-11-1 (609s elapsed)
  [elo 171/210] e11_16: 0-11-1 (611s elapsed)
  [elo 172/210] e11_18: 0-11-1 (612s elapsed)
  [elo 173/210] e11_19: 1-10-1 (613s elapsed)
  [elo 174/210] e11_20: 0-11-1 (619s elapsed)
  [elo 175/210] e12_16: 0-11-1 (632s elapsed)
  [elo 176/210] e12_13: 5-5-2 (632s elapsed)
  [elo 177/210] e12_17: 3-7-2 (637s elapsed)
  [elo 178/210] e12_15: 0-10-2 (651s elapsed)
  [elo 179/210] e12_14: 1-6-5 (653s elapsed)
  [elo 180/210] e12_18: 2-7-3 (657s elapsed)
  [elo 181/210] e12_19: 1-7-4 (660s elapsed)
  [elo 182/210] e12_20: 1-8-3 (662s elapsed)
  [elo 183/210] e13_16: 0-8-4 (665s elapsed)
  [elo 184/210] e13_17: 1-8-3 (667s elapsed)
  [elo 185/210] e13_15: 1-8-3 (668s elapsed)
  [elo 186/210] e13_14: 3-4-5 (670s elapsed)
  [elo 187/210] e13_18: 2-6-4 (671s elapsed)
  [elo 188/210] e13_19: 1-7-4 (678s elapsed)
  [elo 189/210] e14_16: 0-11-1 (678s elapsed)
  [elo 190/210] e13_20: 0-10-2 (691s elapsed)
  [elo 191/210] e14_15: 1-8-3 (693s elapsed)
  [elo 192/210] e14_17: 0-7-5 (709s elapsed)
  [elo 193/210] e14_18: 0-7-5 (711s elapsed)
  [elo 194/210] e14_19: 1-8-3 (716s elapsed)
  [elo 195/210] e14_20: 0-10-2 (719s elapsed)
  [elo 196/210] e15_16: 2-4-6 (723s elapsed)
  [elo 197/210] e15_18: 2-3-7 (724s elapsed)
  [elo 198/210] e15_17: 1-4-7 (725s elapsed)
  [elo 199/210] e15_19: 1-4-7 (727s elapsed)
  [elo 200/210] e15_20: 0-4-8 (730s elapsed)
  [elo 201/210] e16_17: 2-0-10 (731s elapsed)
  [elo 202/210] e16_18: 0-4-8 (738s elapsed)
  [elo 203/210] e16_19: 1-4-7 (739s elapsed)
  [elo 204/210] e16_20: 2-0-10 (746s elapsed)
  [elo 205/210] e17_18: 0-2-10 (748s elapsed)
  [elo 206/210] e17_19: 2-3-7 (762s elapsed)
  [elo 207/210] e17_20: 1-1-10 (764s elapsed)
  [elo 208/210] e18_19: 1-2-9 (768s elapsed)
  [elo 209/210] e19_20: 3-2-7 (774s elapsed)
  [elo 210/210] e18_20: 2-1-9 (774s elapsed)
[elo] done in 782s
  rules@5 (Elo 1254.1) ≈ pure@5.9
  rules@10 (Elo 1425.8) ≈ pure@10.9
  rules@15 (Elo 1460.7) ≈ pure@12.0
  rules@20 (Elo 1504.9) ≈ pure@13.3
  rules@25 (Elo 1677.2) ≈ pure@23.1
  rules@30 (Elo 1749.3) ≈ pure@None
  rules@35 (Elo 1696.1) ≈ pure@24.2
  rules@40 (Elo 1733.1) ≈ pure@44.3
  rules@45 (Elo 1715.3) ≈ pure@40.7
  rules@50 (Elo 1734.8) ≈ pure@44.6
[done] wrote results/gomoku_cross_arm.json in 930s
